Archive member included to satisfy reference by file (symbol)

C:/ST/STM32CubeIDE_1.13.1/STM32CubeIDE/plugins/com.st.stm32cube.ide.mcu.externaltools.gnu-tools-for-stm32.11.3.rel1.win32_1.1.0.202305231506/tools/bin/../lib/gcc/arm-none-eabi/11.3.1/../../../../arm-none-eabi/lib/thumb/v7-m/nofp\libc_nano.a(libc_a-exit.o)
                              C:/ST/STM32CubeIDE_1.13.1/STM32CubeIDE/plugins/com.st.stm32cube.ide.mcu.externaltools.gnu-tools-for-stm32.11.3.rel1.win32_1.1.0.202305231506/tools/bin/../lib/gcc/arm-none-eabi/11.3.1/../../../../arm-none-eabi/lib/thumb/v7-m/nofp/crt0.o (exit)
C:/ST/STM32CubeIDE_1.13.1/STM32CubeIDE/plugins/com.st.stm32cube.ide.mcu.externaltools.gnu-tools-for-stm32.11.3.rel1.win32_1.1.0.202305231506/tools/bin/../lib/gcc/arm-none-eabi/11.3.1/../../../../arm-none-eabi/lib/thumb/v7-m/nofp\libc_nano.a(libc_a-findfp.o)
                              C:/ST/STM32CubeIDE_1.13.1/STM32CubeIDE/plugins/com.st.stm32cube.ide.mcu.externaltools.gnu-tools-for-stm32.11.3.rel1.win32_1.1.0.202305231506/tools/bin/../lib/gcc/arm-none-eabi/11.3.1/../../../../arm-none-eabi/lib/thumb/v7-m/nofp\libc_nano.a(libc_a-exit.o) (__stdio_exit_handler)
C:/ST/STM32CubeIDE_1.13.1/STM32CubeIDE/plugins/com.st.stm32cube.ide.mcu.externaltools.gnu-tools-for-stm32.11.3.rel1.win32_1.1.0.202305231506/tools/bin/../lib/gcc/arm-none-eabi/11.3.1/../../../../arm-none-eabi/lib/thumb/v7-m/nofp\libc_nano.a(libc_a-fwalk.o)
                              C:/ST/STM32CubeIDE_1.13.1/STM32CubeIDE/plugins/com.st.stm32cube.ide.mcu.externaltools.gnu-tools-for-stm32.11.3.rel1.win32_1.1.0.202305231506/tools/bin/../lib/gcc/arm-none-eabi/11.3.1/../../../../arm-none-eabi/lib/thumb/v7-m/nofp\libc_nano.a(libc_a-findfp.o) (_fwalk_sglue)
C:/ST/STM32CubeIDE_1.13.1/STM32CubeIDE/plugins/com.st.stm32cube.ide.mcu.externaltools.gnu-tools-for-stm32.11.3.rel1.win32_1.1.0.202305231506/tools/bin/../lib/gcc/arm-none-eabi/11.3.1/../../../../arm-none-eabi/lib/thumb/v7-m/nofp\libc_nano.a(libc_a-stdio.o)
                              C:/ST/STM32CubeIDE_1.13.1/STM32CubeIDE/plugins/com.st.stm32cube.ide.mcu.externaltools.gnu-tools-for-stm32.11.3.rel1.win32_1.1.0.202305231506/tools/bin/../lib/gcc/arm-none-eabi/11.3.1/../../../../arm-none-eabi/lib/thumb/v7-m/nofp\libc_nano.a(libc_a-findfp.o) (__sread)
C:/ST/STM32CubeIDE_1.13.1/STM32CubeIDE/plugins/com.st.stm32cube.ide.mcu.externaltools.gnu-tools-for-stm32.11.3.rel1.win32_1.1.0.202305231506/tools/bin/../lib/gcc/arm-none-eabi/11.3.1/../../../../arm-none-eabi/lib/thumb/v7-m/nofp\libc_nano.a(libc_a-memset.o)
                              C:/ST/STM32CubeIDE_1.13.1/STM32CubeIDE/plugins/com.st.stm32cube.ide.mcu.externaltools.gnu-tools-for-stm32.11.3.rel1.win32_1.1.0.202305231506/tools/bin/../lib/gcc/arm-none-eabi/11.3.1/../../../../arm-none-eabi/lib/thumb/v7-m/nofp/crt0.o (memset)
C:/ST/STM32CubeIDE_1.13.1/STM32CubeIDE/plugins/com.st.stm32cube.ide.mcu.externaltools.gnu-tools-for-stm32.11.3.rel1.win32_1.1.0.202305231506/tools/bin/../lib/gcc/arm-none-eabi/11.3.1/../../../../arm-none-eabi/lib/thumb/v7-m/nofp\libc_nano.a(libc_a-closer.o)
                              C:/ST/STM32CubeIDE_1.13.1/STM32CubeIDE/plugins/com.st.stm32cube.ide.mcu.externaltools.gnu-tools-for-stm32.11.3.rel1.win32_1.1.0.202305231506/tools/bin/../lib/gcc/arm-none-eabi/11.3.1/../../../../arm-none-eabi/lib/thumb/v7-m/nofp\libc_nano.a(libc_a-stdio.o) (_close_r)
C:/ST/STM32CubeIDE_1.13.1/STM32CubeIDE/plugins/com.st.stm32cube.ide.mcu.externaltools.gnu-tools-for-stm32.11.3.rel1.win32_1.1.0.202305231506/tools/bin/../lib/gcc/arm-none-eabi/11.3.1/../../../../arm-none-eabi/lib/thumb/v7-m/nofp\libc_nano.a(libc_a-reent.o)
                              C:/ST/STM32CubeIDE_1.13.1/STM32CubeIDE/plugins/com.st.stm32cube.ide.mcu.externaltools.gnu-tools-for-stm32.11.3.rel1.win32_1.1.0.202305231506/tools/bin/../lib/gcc/arm-none-eabi/11.3.1/../../../../arm-none-eabi/lib/thumb/v7-m/nofp\libc_nano.a(libc_a-closer.o) (errno)
C:/ST/STM32CubeIDE_1.13.1/STM32CubeIDE/plugins/com.st.stm32cube.ide.mcu.externaltools.gnu-tools-for-stm32.11.3.rel1.win32_1.1.0.202305231506/tools/bin/../lib/gcc/arm-none-eabi/11.3.1/../../../../arm-none-eabi/lib/thumb/v7-m/nofp\libc_nano.a(libc_a-impure.o)
                              C:/ST/STM32CubeIDE_1.13.1/STM32CubeIDE/plugins/com.st.stm32cube.ide.mcu.externaltools.gnu-tools-for-stm32.11.3.rel1.win32_1.1.0.202305231506/tools/bin/../lib/gcc/arm-none-eabi/11.3.1/../../../../arm-none-eabi/lib/thumb/v7-m/nofp\libc_nano.a(libc_a-reent.o) (_impure_ptr)
C:/ST/STM32CubeIDE_1.13.1/STM32CubeIDE/plugins/com.st.stm32cube.ide.mcu.externaltools.gnu-tools-for-stm32.11.3.rel1.win32_1.1.0.202305231506/tools/bin/../lib/gcc/arm-none-eabi/11.3.1/../../../../arm-none-eabi/lib/thumb/v7-m/nofp\libc_nano.a(libc_a-lseekr.o)
[...]
Memory Configuration

Name             Origin             Length             Attributes
RAM              0x0000000020000000 0x0000000000005000 xrw
FLASH            0x0000000008000000 0x0000000000010000 xr
*default*        0x0000000000000000 0xffffffffffffffff

Linker script and memory map

LOAD C:/ST/STM32CubeIDE_1.13.1/STM32CubeIDE/plugins/com.st.stm32cube.ide.mcu.externaltools.gnu-tools-for-stm32.11.3.rel1.win32_1.1.0.202305231506/tools/bin/../lib/gcc/arm-none-eabi/11.3.1/thumb/v7-m/nofp/crti.o
LOAD C:/ST/STM32CubeIDE_1.13.1/STM32CubeIDE/plugins/com.st.stm32cube.ide.mcu.externaltools.gnu-tools-for-stm32.11.3.rel1.win32_1.1.0.202305231506/tools/bin/../lib/gcc/arm-none-eabi/11.3.1/thumb/v7-m/nofp/crtbegin.o
LOAD C:/ST/STM32CubeIDE_1.13.1/STM32CubeIDE/plugins/com.st.stm32cube.ide.mcu.externaltools.gnu-tools-for-stm32.11.3.rel1.win32_1.1.0.202305231506/tools/bin/../lib/gcc/arm-none-eabi/11.3.1/../../../../arm-none-eabi/lib/thumb/v7-m/nofp/crt0.o
LOAD ./Core/Src/main.o
LOAD ./Core/Src/stm32f1xx_it.o
LOAD ./Core/Src/syscalls.o
LOAD ./Core/Src/sysmem.o
LOAD ./Core/Src/system_stm32f1xx.o
LOAD ./Core/Startup/startup_stm32f103c8tx.o
LOAD ./Drivers/STM32F1xx_HAL_Driver/Src/stm32f1xx_ll_exti.o
LOAD ./Drivers/STM32F1xx_HAL_Driver/Src/stm32f1xx_ll_gpio.o
LOAD ./Drivers/STM32F1xx_HAL_Driver/Src/stm32f1xx_ll_pwr.o
LOAD ./Drivers/STM32F1xx_HAL_Driver/Src/stm32f1xx_ll_rcc.o
LOAD ./Drivers/STM32F1xx_HAL_Driver/Src/stm32f1xx_ll_utils.o
START GROUP
LOAD C:/ST/STM32CubeIDE_1.13.1/STM32CubeIDE/plugins/com.st.stm32cube.ide.mcu.externaltools.gnu-tools-for-stm32.11.3.rel1.win32_1.1.0.202305231506/tools/bin/../lib/gcc/arm-none-eabi/11.3.1/../../../../arm-none-eabi/lib/thumb/v7-m/nofp\libc_nano.a
LOAD C:/ST/STM32CubeIDE_1.13.1/STM32CubeIDE/plugins/com.st.stm32cube.ide.mcu.externaltools.gnu-tools-for-stm32.11.3.rel1.win32_1.1.0.202305231506/tools/bin/../lib/gcc/arm-none-eabi/11.3.1/../../../../arm-none-eabi/lib/thumb/v7-m/nofp\libm.a
END GROUP
START GROUP
LOAD C:/ST/STM32CubeIDE_1.13.1/STM32CubeIDE/plugins/com.st.stm32cube.ide.mcu.externaltools.gnu-tools-for-stm32.11.3.rel1.win32_1.1.0.202305231506/tools/bin/../lib/gcc/arm-none-eabi/11.3.1/thumb/v7-m/nofp\libgcc.a
LOAD C:/ST/STM32CubeIDE_1.13.1/STM32CubeIDE/plugins/com.st.stm32cube.ide.mcu.externaltools.gnu-tools-for-stm32.11.3.rel1.win32_1.1.0.202305231506/tools/bin/../lib/gcc/arm-none-eabi/11.3.1/../../../../arm-none-eabi/lib/thumb/v7-m/nofp\libc_nano.a
END GROUP
START GROUP
LOAD C:/ST/STM32CubeIDE_1.13.1/STM32CubeIDE/plugins/com.st.stm32cube.ide.mcu.externaltools.gnu-tools-for-stm32.11.3.rel1.win32_1.1.0.202305231506/tools/bin/../lib/gcc/arm-none-eabi/11.3.1/thumb/v7-m/nofp\libgcc.a
LOAD C:/ST/STM32CubeIDE_1.13.1/STM32CubeIDE/plugins/com.st.stm32cube.ide.mcu.externaltools.gnu-tools-for-stm32.11.3.rel1.win32_1.1.0.202305231506/tools/bin/../lib/gcc/arm-none-eabi/11.3.1/../../../../arm-none-eabi/lib/thumb/v7-m/nofp\libc_nano.a
LOAD C:/ST/STM32CubeIDE_1.13.1/STM32CubeIDE/plugins/com.st.stm32cube.ide.mcu.externaltools.gnu-tools-for-stm32.11.3.rel1.win32_1.1.0.202305231506/tools/bin/../lib/gcc/arm-none-eabi/11.3.1/../../../../arm-none-eabi/lib/thumb/v7-m/nofp\libnosys.a
END GROUP
START GROUP
LOAD C:/ST/STM32CubeIDE_1.13.1/STM32CubeIDE/plugins/com.st.stm32cube.ide.mcu.externaltools.gnu-tools-for-stm32.11.3.rel1.win32_1.1.0.202305231506/tools/bin/../lib/gcc/arm-none-eabi/11.3.1/thumb/v7-m/nofp\libgcc.a
LOAD C:/ST/STM32CubeIDE_1.13.1/STM32CubeIDE/plugins/com.st.stm32cube.ide.mcu.externaltools.gnu-tools-for-stm32.11.3.rel1.win32_1.1.0.202305231506/tools/bin/../lib/gcc/arm-none-eabi/11.3.1/../../../../arm-none-eabi/lib/thumb/v7-m/nofp\libc_nano.a
LOAD C:/ST/STM32CubeIDE_1.13.1/STM32CubeIDE/plugins/com.st.stm32cube.ide.mcu.externaltools.gnu-tools-for-stm32.11.3.rel1.win32_1.1.0.202305231506/tools/bin/../lib/gcc/arm-none-eabi/11.3.1/../../../../arm-none-eabi/lib/thumb/v7-m/nofp\libnosys.a
END GROUP
LOAD C:/ST/STM32CubeIDE_1.13.1/STM32CubeIDE/plugins/com.st.stm32cube.ide.mcu.externaltools.gnu-tools-for-stm32.11.3.rel1.win32_1.1.0.202305231506/tools/bin/../lib/gcc/arm-none-eabi/11.3.1/thumb/v7-m/nofp/crtend.o
LOAD C:/ST/STM32CubeIDE_1.13.1/STM32CubeIDE/plugins/com.st.stm32cube.ide.mcu.externaltools.gnu-tools-for-stm32.11.3.rel1.win32_1.1.0.202305231506/tools/bin/../lib/gcc/arm-none-eabi/11.3.1/thumb/v7-m/nofp/crtn.o
                0x0000000020005000                _estack = (ORIGIN (RAM) + LENGTH (RAM))
                0x0000000000000200                _Min_Heap_Size = 0x200
                0x0000000000000400                _Min_Stack_Size = 0x400

.isr_vector     0x0000000008000000      0x10c
                0x0000000008000000                . = ALIGN (0x4)
 *(.isr_vector)
 .isr_vector    0x0000000008000000      0x10c ./Core/Startup/startup_stm32f103c8tx.o
                0x0000000008000000                g_pfnVectors
                0x000000000800010c                . = ALIGN (0x4)

.text           0x000000000800010c      0x8a8
                0x000000000800010c                . = ALIGN (0x4)
 *(.text)
 .text          0x000000000800010c       0x40 C:/ST/STM32CubeIDE_1.13.1/STM32CubeIDE/plugins/com.st.stm32cube.ide.mcu.externaltools.gnu-tools-for-stm32.11.3.rel1.win32_1.1.0.202305231506/tools/bin/../lib/gcc/arm-none-eabi/11.3.1/thumb/v7-m/nofp/crtbegin.o
 *(.text*)
 .text.__NVIC_SetPriorityGrouping
                0x000000000800014c       0x48 ./Core/Src/main.o
 .text.__NVIC_GetPriorityGrouping
                0x0000000008000194       0x1c ./Core/Src/main.o
 .text.__NVIC_SetPriority
                0x00000000080001b0       0x54 ./Core/Src/main.o
 .text.NVIC_EncodePriority
                0x0000000008000204       0x64 ./Core/Src/main.o
 .text.LL_RCC_HSI_Enable
                0x0000000008000268       0x1c ./Core/Src/main.o
 .text.LL_RCC_HSI_IsReady
                0x0000000008000284       0x24 ./Core/Src/main.o
 .text.LL_RCC_HSI_SetCalibTrimming
                0x00000000080002a8       0x28 ./Core/Src/main.o
 .text.LL_RCC_SetSysClkSource
                0x00000000080002d0       0x28 ./Core/Src/main.o
 .text.LL_RCC_GetSysClkSource
                0x00000000080002f8       0x18 ./Core/Src/main.o
 .text.LL_RCC_SetAHBPrescaler
                0x0000000008000310       0x28 ./Core/Src/main.o
 .text.LL_RCC_SetAPB1Prescaler
                0x0000000008000338       0x28 ./Core/Src/main.o
 .text.LL_RCC_SetAPB2Prescaler
                0x0000000008000360       0x28 ./Core/Src/main.o
 .text.LL_APB1_GRP1_EnableClock
                0x0000000008000388       0x30 ./Core/Src/main.o
 .text.LL_APB2_GRP1_EnableClock
                0x00000000080003b8       0x30 ./Core/Src/main.o
 .text.LL_FLASH_SetLatency
                0x00000000080003e8       0x28 ./Core/Src/main.o
 .text.LL_FLASH_GetLatency
                0x0000000008000410       0x18 ./Core/Src/main.o
 .text.LL_GPIO_IsOutputPinSet
                0x0000000008000428       0x2c ./Core/Src/main.o
 .text.LL_GPIO_ResetOutputPin
                0x0000000008000454       0x1e ./Core/Src/main.o
 *fill*         0x0000000008000472        0x2 
 .text.LL_GPIO_AF_Remap_SWJ_NOJTAG
                0x0000000008000474       0x20 ./Core/Src/main.o
 .text.main     0x0000000008000494       0x54 ./Core/Src/main.o
                0x0000000008000494                main
 .text.SystemClock_Config
                0x00000000080004e8       0x64 ./Core/Src/main.o
                0x00000000080004e8                SystemClock_Config
 .text.MX_GPIO_Init
                0x000000000800054c       0x54 ./Core/Src/main.o
 .text.LL_GPIO_TogglePin
                0x00000000080005a0       0x38 ./Core/Src/stm32f1xx_it.o
 .text.NMI_Handler
                0x00000000080005d8        0x6 ./Core/Src/stm32f1xx_it.o
                0x00000000080005d8                NMI_Handler
 .text.HardFault_Handler
                0x00000000080005de        0x6 ./Core/Src/stm32f1xx_it.o
                0x00000000080005de                HardFault_Handler
 .text.MemManage_Handler
                0x00000000080005e4        0x6 ./Core/Src/stm32f1xx_it.o
                0x00000000080005e4                MemManage_Handler
 .text.BusFault_Handler
                0x00000000080005ea        0x6 ./Core/Src/stm32f1xx_it.o
                0x00000000080005ea                BusFault_Handler
 .text.UsageFault_Handler
                0x00000000080005f0        0x6 ./Core/Src/stm32f1xx_it.o
                0x00000000080005f0                UsageFault_Handler
 .text.SVC_Handler
                0x00000000080005f6        0xc ./Core/Src/stm32f1xx_it.o
                0x00000000080005f6                SVC_Handler
 .text.DebugMon_Handler
                0x0000000008000602        0xc ./Core/Src/stm32f1xx_it.o
                0x0000000008000602                DebugMon_Handler
 .text.PendSV_Handler
                0x000000000800060e        0xc ./Core/Src/stm32f1xx_it.o
                0x000000000800060e                PendSV_Handler
 *fill*         0x000000000800061a        0x2 
 .text.SysTick_Handler
                0x000000000800061c       0x38 ./Core/Src/stm32f1xx_it.o
                0x000000000800061c                SysTick_Handler
 .text.SystemInit
                0x0000000008000654        0xc ./Core/Src/system_stm32f1xx.o
                0x0000000008000654                SystemInit
 .text.Reset_Handler
                0x0000000008000660       0x48 ./Core/Startup/startup_stm32f103c8tx.o
                0x0000000008000660                Reset_Handler
 .text.Default_Handler
                0x00000000080006a8        0x2 ./Core/Startup/startup_stm32f103c8tx.o
                0x00000000080006a8                RTC_Alarm_IRQHandler
                0x00000000080006a8                EXTI2_IRQHandler
                0x00000000080006a8                TIM1_CC_IRQHandler
                0x00000000080006a8                PVD_IRQHandler
                0x00000000080006a8                EXTI3_IRQHandler
                0x00000000080006a8                EXTI0_IRQHandler
                0x00000000080006a8                I2C2_EV_IRQHandler
                0x00000000080006a8                ADC1_2_IRQHandler
                0x00000000080006a8                SPI1_IRQHandler
                0x00000000080006a8                TAMPER_IRQHandler
                0x00000000080006a8                DMA1_Channel4_IRQHandler
                0x00000000080006a8                USART3_IRQHandler
                0x00000000080006a8                RTC_IRQHandler
                0x00000000080006a8                DMA1_Channel7_IRQHandler
                0x00000000080006a8                CAN1_RX1_IRQHandler
                0x00000000080006a8                TIM4_IRQHandler
                0x00000000080006a8                I2C1_EV_IRQHandler
                0x00000000080006a8                DMA1_Channel6_IRQHandler
                0x00000000080006a8                TIM3_IRQHandler
                0x00000000080006a8                RCC_IRQHandler
                0x00000000080006a8                TIM1_TRG_COM_IRQHandler
                0x00000000080006a8                DMA1_Channel1_IRQHandler
                0x00000000080006a8                Default_Handler
                0x00000000080006a8                EXTI15_10_IRQHandler
                0x00000000080006a8                EXTI9_5_IRQHandler
                0x00000000080006a8                SPI2_IRQHandler
                0x00000000080006a8                DMA1_Channel5_IRQHandler
                0x00000000080006a8                EXTI4_IRQHandler
                0x00000000080006a8                USB_LP_CAN1_RX0_IRQHandler
                0x00000000080006a8                USB_HP_CAN1_TX_IRQHandler
                0x00000000080006a8                DMA1_Channel3_IRQHandler
                0x00000000080006a8                TIM1_UP_IRQHandler
                0x00000000080006a8                WWDG_IRQHandler
                0x00000000080006a8                TIM2_IRQHandler
                0x00000000080006a8                TIM1_BRK_IRQHandler
                0x00000000080006a8                EXTI1_IRQHandler
                0x00000000080006a8                USART2_IRQHandler
                0x00000000080006a8                I2C2_ER_IRQHandler
                0x00000000080006a8                DMA1_Channel2_IRQHandler
                0x00000000080006a8                CAN1_SCE_IRQHandler
                0x00000000080006a8                FLASH_IRQHandler
                0x00000000080006a8                USART1_IRQHandler
                0x00000000080006a8                I2C1_ER_IRQHandler
                0x00000000080006a8                USBWakeUp_IRQHandler
 .text.LL_GPIO_SetPinMode
                0x00000000080006aa       0x64 ./Drivers/STM32F1xx_HAL_Driver/Src/stm32f1xx_ll_gpio.o
 .text.LL_GPIO_SetPinSpeed
                0x000000000800070e       0x64 ./Drivers/STM32F1xx_HAL_Driver/Src/stm32f1xx_ll_gpio.o
 .text.LL_GPIO_SetPinOutputType
                0x0000000008000772       0x64 ./Drivers/STM32F1xx_HAL_Driver/Src/stm32f1xx_ll_gpio.o
 .text.LL_GPIO_SetPinPull
                0x00000000080007d6       0x44 ./Drivers/STM32F1xx_HAL_Driver/Src/stm32f1xx_ll_gpio.o
 .text.LL_GPIO_Init
                0x000000000800081a       0xcc ./Drivers/STM32F1xx_HAL_Driver/Src/stm32f1xx_ll_gpio.o
                0x000000000800081a                LL_GPIO_Init
 *fill*         0x00000000080008e6        0x2 
 .text.LL_InitTick
                0x00000000080008e8       0x34 ./Drivers/STM32F1xx_HAL_Driver/Src/stm32f1xx_ll_utils.o
 .text.LL_Init1msTick
                0x000000000800091c       0x1a ./Drivers/STM32F1xx_HAL_Driver/Src/stm32f1xx_ll_utils.o
                0x000000000800091c                LL_Init1msTick
 *fill*         0x0000000008000936        0x2 
 .text.LL_SetSystemCoreClock
                0x0000000008000938       0x1c ./Drivers/STM32F1xx_HAL_Driver/Src/stm32f1xx_ll_utils.o
                0x0000000008000938                LL_SetSystemCoreClock
 .text.__libc_init_array
                0x0000000008000954       0x48 C:/ST/STM32CubeIDE_1.13.1/STM32CubeIDE/plugins/com.st.stm32cube.ide.mcu.externaltools.gnu-tools-for-stm32.11.3.rel1.win32_1.1.0.202305231506/tools/bin/../lib/gcc/arm-none-eabi/11.3.1/../../../../arm-none-eabi/lib/thumb/v7-m/nofp\libc_nano.a(libc_a-init.o)
                0x0000000008000954                __libc_init_array
 *(.glue_7)
 .glue_7        0x000000000800099c        0x0 linker stubs
 *(.glue_7t)
 .glue_7t       0x000000000800099c        0x0 linker stubs
 *(.eh_frame)
 .eh_frame      0x000000000800099c        0x0 C:/ST/STM32CubeIDE_1.13.1/STM32CubeIDE/plugins/com.st.stm32cube.ide.mcu.externaltools.gnu-tools-for-stm32.11.3.rel1.win32_1.1.0.202305231506/tools/bin/../lib/gcc/arm-none-eabi/11.3.1/thumb/v7-m/nofp/crtbegin.o
 *(.init)
 .init          0x000000000800099c        0x4 C:/ST/STM32CubeIDE_1.13.1/STM32CubeIDE/plugins/com.st.stm32cube.ide.mcu.externaltools.gnu-tools-for-stm32.11.3.rel1.win32_1.1.0.202305231506/tools/bin/../lib/gcc/arm-none-eabi/11.3.1/thumb/v7-m/nofp/crti.o
                0x000000000800099c                _init
 .init          0x00000000080009a0        0x8 C:/ST/STM32CubeIDE_1.13.1/STM32CubeIDE/plugins/com.st.stm32cube.ide.mcu.externaltools.gnu-tools-for-stm32.11.3.rel1.win32_1.1.0.202305231506/tools/bin/../lib/gcc/arm-none-eabi/11.3.1/thumb/v7-m/nofp/crtn.o
 *(.fini)
 .fini          0x00000000080009a8        0x4 C:/ST/STM32CubeIDE_1.13.1/STM32CubeIDE/plugins/com.st.stm32cube.ide.mcu.externaltools.gnu-tools-for-stm32.11.3.rel1.win32_1.1.0.202305231506/tools/bin/../lib/gcc/arm-none-eabi/11.3.1/thumb/v7-m/nofp/crti.o
                0x00000000080009a8                _fini
 .fini          0x00000000080009ac        0x8 C:/ST/STM32CubeIDE_1.13.1/STM32CubeIDE/plugins/com.st.stm32cube.ide.mcu.externaltools.gnu-tools-for-stm32.11.3.rel1.win32_1.1.0.202305231506/tools/bin/../lib/gcc/arm-none-eabi/11.3.1/thumb/v7-m/nofp/crtn.o
                0x00000000080009b4                . = ALIGN (0x4)
                0x00000000080009b4                _etext = .

.vfp11_veneer   0x00000000080009b4        0x0
 .vfp11_veneer  0x00000000080009b4        0x0 linker stubs

.v4_bx          0x00000000080009b4        0x0
 .v4_bx         0x00000000080009b4        0x0 linker stubs

.iplt           0x00000000080009b4        0x0
 .iplt          0x00000000080009b4        0x0 C:/ST/STM32CubeIDE_1.13.1/STM32CubeIDE/plugins/com.st.stm32cube.ide.mcu.externaltools.gnu-tools-for-stm32.11.3.rel1.win32_1.1.0.202305231506/tools/bin/../lib/gcc/arm-none-eabi/11.3.1/thumb/v7-m/nofp/crtbegin.o

.rel.dyn        0x00000000080009b4        0x0
 .rel.iplt      0x00000000080009b4        0x0 C:/ST/STM32CubeIDE_1.13.1/STM32CubeIDE/plugins/com.st.stm32cube.ide.mcu.externaltools.gnu-tools-for-stm32.11.3.rel1.win32_1.1.0.202305231506/tools/bin/../lib/gcc/arm-none-eabi/11.3.1/thumb/v7-m/nofp/crtbegin.o

.rodata         0x00000000080009b4        0x0
                0x00000000080009b4                . = ALIGN (0x4)
 *(.rodata)
 *(.rodata*)
                0x00000000080009b4                . = ALIGN (0x4)

.ARM.extab      0x00000000080009b4        0x0
                0x00000000080009b4                . = ALIGN (0x4)
 *(.ARM.extab* .gnu.linkonce.armextab.*)
                0x00000000080009b4                . = ALIGN (0x4)

.ARM            0x00000000080009b4        0x0
                0x00000000080009b4                . = ALIGN (0x4)
                0x00000000080009b4                __exidx_start = .
 *(.ARM.exidx*)
                0x00000000080009b4                __exidx_end = .
                0x00000000080009b4                . = ALIGN (0x4)

.preinit_array  0x00000000080009b4        0x0
                0x00000000080009b4                . = ALIGN (0x4)
                0x00000000080009b4                PROVIDE (__preinit_array_start = .)
 *(.preinit_array*)
                0x00000000080009b4                PROVIDE (__preinit_array_end = .)
                0x00000000080009b4                . = ALIGN (0x4)

.init_array     0x00000000080009b4        0x4
                0x00000000080009b4                . = ALIGN (0x4)
                0x00000000080009b4                PROVIDE (__init_array_start = .)
 *(SORT_BY_NAME(.init_array.*))
 *(.init_array*)
 .init_array    0x00000000080009b4        0x4 C:/ST/STM32CubeIDE_1.13.1/STM32CubeIDE/plugins/com.st.stm32cube.ide.mcu.externaltools.gnu-tools-for-stm32.11.3.rel1.win32_1.1.0.202305231506/tools/bin/../lib/gcc/arm-none-eabi/11.3.1/thumb/v7-m/nofp/crtbegin.o
                0x00000000080009b8                PROVIDE (__init_array_end = .)
                0x00000000080009b8                . = ALIGN (0x4)

.fini_array     0x00000000080009b8        0x4
                0x00000000080009b8                . = ALIGN (0x4)
                [!provide]                        PROVIDE (__fini_array_start = .)
 *(SORT_BY_NAME(.fini_array.*))
 *(.fini_array*)
 .fini_array    0x00000000080009b8        0x4 C:/ST/STM32CubeIDE_1.13.1/STM32CubeIDE/plugins/com.st.stm32cube.ide.mcu.externaltools.gnu-tools-for-stm32.11.3.rel1.win32_1.1.0.202305231506/tools/bin/../lib/gcc/arm-none-eabi/11.3.1/thumb/v7-m/nofp/crtbegin.o
                [!provide]                        PROVIDE (__fini_array_end = .)
                0x00000000080009bc                . = ALIGN (0x4)
                0x00000000080009bc                _sidata = LOADADDR (.data)

.data           0x0000000020000000        0x4 load address 0x00000000080009bc
                0x0000000020000000                . = ALIGN (0x4)
                0x0000000020000000                _sdata = .
 *(.data)
 *(.data*)
 .data.SystemCoreClock
                0x0000000020000000        0x4 ./Core/Src/system_stm32f1xx.o
                0x0000000020000000                SystemCoreClock
 *(.RamFunc)
 *(.RamFunc*)
                0x0000000020000004                . = ALIGN (0x4)
                0x0000000020000004                _edata = .

.igot.plt       0x0000000020000004        0x0 load address 0x00000000080009c0
 .igot.plt      0x0000000020000004        0x0 C:/ST/STM32CubeIDE_1.13.1/STM32CubeIDE/plugins/com.st.stm32cube.ide.mcu.externaltools.gnu-tools-for-stm32.11.3.rel1.win32_1.1.0.202305231506/tools/bin/../lib/gcc/arm-none-eabi/11.3.1/thumb/v7-m/nofp/crtbegin.o
                0x0000000020000004                . = ALIGN (0x4)

.bss            0x0000000020000004       0x20 load address 0x00000000080009c0
                0x0000000020000004                _sbss = .
                0x0000000020000004                __bss_start__ = _sbss
 *(.bss)
 .bss           0x0000000020000004       0x1c C:/ST/STM32CubeIDE_1.13.1/STM32CubeIDE/plugins/com.st.stm32cube.ide.mcu.externaltools.gnu-tools-for-stm32.11.3.rel1.win32_1.1.0.202305231506/tools/bin/../lib/gcc/arm-none-eabi/11.3.1/thumb/v7-m/nofp/crtbegin.o
 *(.bss*)
 .bss.tick_count.0
                0x0000000020000020        0x4 ./Core/Src/stm32f1xx_it.o
 *(COMMON)
                0x0000000020000024                . = ALIGN (0x4)
                0x0000000020000024                _ebss = .
                0x0000000020000024                __bss_end__ = _ebss

._user_heap_stack
                0x0000000020000024      0x604 load address 0x00000000080009c0
                0x0000000020000028                . = ALIGN (0x8)
 *fill*         0x0000000020000024        0x4 
                [!provide]                        PROVIDE (end = .)
                0x0000000020000028                PROVIDE (_end = .)
                0x0000000020000228                . = (. + _Min_Heap_Size)
 *fill*         0x0000000020000028      0x200 
                0x0000000020000628                . = (. + _Min_Stack_Size)
 *fill*         0x0000000020000228      0x400 
                0x0000000020000628                . = ALIGN (0x8)

/DISCARD/
 libc.a(*)
 libm.a(*)
 libgcc.a(*)

.ARM.attributes
                0x0000000000000000       0x29
 *(.ARM.attributes)
 .ARM.attributes
                0x0000000000000000       0x1d C:/ST/STM32CubeIDE_1.13.1/STM32CubeIDE/plugins/com.st.stm32cube.ide.mcu.externaltools.gnu-tools-for-stm32.11.3.rel1.win32_1.1.0.202305231506/tools/bin/../lib/gcc/arm-none-eabi/11.3.1/thumb/v7-m/nofp/crti.o
 .ARM.attributes
                0x000000000000001d       0x2d C:/ST/STM32CubeIDE_1.13.1/STM32CubeIDE/plugins/com.st.stm32cube.ide.mcu.externaltools.gnu-tools-for-stm32.11.3.rel1.win32_1.1.0.202305231506/tools/bin/../lib/gcc/arm-none-eabi/11.3.1/thumb/v7-m/nofp/crtbegin.o
 .ARM.attributes
                0x000000000000004a       0x2d ./Core/Src/main.o
 .ARM.attributes
                0x0000000000000077       0x2d ./Core/Src/stm32f1xx_it.o
 .ARM.attributes
                0x00000000000000a4       0x2d ./Core/Src/system_stm32f1xx.o
 .ARM.attributes
                0x00000000000000d1       0x21 ./Core/Startup/startup_stm32f103c8tx.o
 .ARM.attributes
                0x00000000000000f2       0x2d ./Drivers/STM32F1xx_HAL_Driver/Src/stm32f1xx_ll_gpio.o
 .ARM.attributes
                0x000000000000011f       0x2d ./Drivers/STM32F1xx_HAL_Driver/Src/stm32f1xx_ll_utils.o
 .ARM.attributes
                0x000000000000014c       0x2d C:/ST/STM32CubeIDE_1.13.1/STM32CubeIDE/plugins/com.st.stm32cube.ide.mcu.externaltools.gnu-tools-for-stm32.11.3.rel1.win32_1.1.0.202305231506/tools/bin/../lib/gcc/arm-none-eabi/11.3.1/../../../../arm-none-eabi/lib/thumb/v7-m/nofp\libc_nano.a(libc_a-init.o)
 .ARM.attributes
                0x0000000000000179       0x1d C:/ST/STM32CubeIDE_1.13.1/STM32CubeIDE/plugins/com.st.stm32cube.ide.mcu.externaltools.gnu-tools-for-stm32.11.3.rel1.win32_1.1.0.202305231506/tools/bin/../lib/gcc/arm-none-eabi/11.3.1/thumb/v7-m/nofp/crtn.o
OUTPUT(BAI1_LL.elf elf32-littlearm)
LOAD linker stubs
LOAD C:/ST/STM32CubeIDE_1.13.1/STM32CubeIDE/plugins/com.st.stm32cube.ide.mcu.externaltools.gnu-tools-for-stm32.11.3.rel1.win32_1.1.0.202305231506/tools/bin/../lib/gcc/arm-none-eabi/11.3.1/../../../../arm-none-eabi/lib/thumb/v7-m/nofp\libc.a
LOAD C:/ST/STM32CubeIDE_1.13.1/STM32CubeIDE/plugins/com.st.stm32cube.ide.mcu.externaltools.gnu-tools-for-stm32.11.3.rel1.win32_1.1.0.202305231506/tools/bin/../lib/gcc/arm-none-eabi/11.3.1/../../../../arm-none-eabi/lib/thumb/v7-m/nofp\libm.a
LOAD C:/ST/STM32CubeIDE_1.13.1/STM32CubeIDE/plugins/com.st.stm32cube.ide.mcu.externaltools.gnu-tools-for-stm32.11.3.rel1.win32_1.1.0.202305231506/tools/bin/../lib/gcc/arm-none-eabi/11.3.1/thumb/v7-m/nofp\libgcc.a

.comment        0x0000000000000000       0x43
 .comment       0x0000000000000000       0x43 C:/ST/STM32CubeIDE_1.13.1/STM32CubeIDE/plugins/com.st.stm32cube.ide.mcu.externaltools.gnu-tools-for-stm32.11.3.rel1.win32_1.1.0.202305231506/tools/bin/../lib/gcc/arm-none-eabi/11.3.1/thumb/v7-m/nofp/crtbegin.o
                                         0x44 (size before relaxing)
 .comment       0x0000000000000043       0x44 ./Core/Src/main.o
 .comment       0x0000000000000043       0x44 ./Core/Src/stm32f1xx_it.o
 .comment       0x0000000000000043       0x44 ./Core/Src/system_stm32f1xx.o
 .comment       0x0000000000000043       0x44 ./Drivers/STM32F1xx_HAL_Driver/Src/stm32f1xx_ll_gpio.o
 .comment       0x0000000000000043       0x44 ./Drivers/STM32F1xx_HAL_Driver/Src/stm32f1xx_ll_utils.o

.debug_info     0x0000000000000000     0x1da5
 .debug_info    0x0000000000000000      0xbad ./Core/Src/main.o
 .debug_info    0x0000000000000bad      0x23f ./Core/Src/stm32f1xx_it.o
 .debug_info    0x0000000000000dec      0x21b ./Core/Src/system_stm32f1xx.o
 .debug_info    0x0000000000001007       0x23 ./Core/Startup/startup_stm32f103c8tx.o
 .debug_info    0x000000000000102a      0x59a ./Drivers/STM32F1xx_HAL_Driver/Src/stm32f1xx_ll_gpio.o
 .debug_info    0x00000000000015c4      0x7e1 ./Drivers/STM32F1xx_HAL_Driver/Src/stm32f1xx_ll_utils.o

.debug_abbrev   0x0000000000000000      0x980
 .debug_abbrev  0x0000000000000000      0x296 ./Core/Src/main.o
 .debug_abbrev  0x0000000000000296      0x13e ./Core/Src/stm32f1xx_it.o
 .debug_abbrev  0x00000000000003d4      0x13f ./Core/Src/system_stm32f1xx.o
 .debug_abbrev  0x0000000000000513       0x12 ./Core/Startup/startup_stm32f103c8tx.o
 .debug_abbrev  0x0000000000000525      0x20d ./Drivers/STM32F1xx_HAL_Driver/Src/stm32f1xx_ll_gpio.o
 .debug_abbrev  0x0000000000000732      0x24e ./Drivers/STM32F1xx_HAL_Driver/Src/stm32f1xx_ll_utils.o

.debug_aranges  0x0000000000000000      0x2e0
 .debug_aranges
                0x0000000000000000       0xd0 ./Core/Src/main.o
 .debug_aranges
                0x00000000000000d0       0x68 ./Core/Src/stm32f1xx_it.o
 .debug_aranges
                0x0000000000000138       0x28 ./Core/Src/system_stm32f1xx.o
 .debug_aranges
                0x0000000000000160       0x28 ./Core/Startup/startup_stm32f103c8tx.o
 .debug_aranges
                0x0000000000000188       0x60 ./Drivers/STM32F1xx_HAL_Driver/Src/stm32f1xx_ll_gpio.o
 .debug_aranges
                0x00000000000001e8       0xf8 ./Drivers/STM32F1xx_HAL_Driver/Src/stm32f1xx_ll_utils.o

.debug_rnglists
                0x0000000000000000      0x20f
 .debug_rnglists
                0x0000000000000000       0x97 ./Core/Src/main.o
 .debug_rnglists
                0x0000000000000097       0x49 ./Core/Src/stm32f1xx_it.o
 .debug_rnglists
                0x00000000000000e0       0x1a ./Core/Src/system_stm32f1xx.o
 .debug_rnglists
                0x00000000000000fa       0x19 ./Core/Startup/startup_stm32f103c8tx.o
 .debug_rnglists
                0x0000000000000113       0x45 ./Drivers/STM32F1xx_HAL_Driver/Src/stm32f1xx_ll_gpio.o
 .debug_rnglists
                0x0000000000000158       0xb7 ./Drivers/STM32F1xx_HAL_Driver/Src/stm32f1xx_ll_utils.o

.debug_macro    0x0000000000000000    0x11083
 .debug_macro   0x0000000000000000      0x122 ./Core/Src/main.o
 .debug_macro   0x0000000000000122      0xacc ./Core/Src/main.o
 .debug_macro   0x0000000000000bee       0x2e ./Core/Src/main.o
 .debug_macro   0x0000000000000c1c       0x22 ./Core/Src/main.o
 .debug_macro   0x0000000000000c3e       0x22 ./Core/Src/main.o
 .debug_macro   0x0000000000000c60       0x8e ./Core/Src/main.o
 .debug_macro   0x0000000000000cee       0x51 ./Core/Src/main.o
 .debug_macro   0x0000000000000d3f      0x103 ./Core/Src/main.o
 .debug_macro   0x0000000000000e42       0x6a ./Core/Src/main.o
 .debug_macro   0x0000000000000eac      0x1df ./Core/Src/main.o
 .debug_macro   0x000000000000108b       0x1c ./Core/Src/main.o
 .debug_macro   0x00000000000010a7       0x22 ./Core/Src/main.o
 .debug_macro   0x00000000000010c9       0xbd ./Core/Src/main.o
 .debug_macro   0x0000000000001186      0xd23 ./Core/Src/main.o
 .debug_macro   0x0000000000001ea9     0xe09e ./Core/Src/main.o
 .debug_macro   0x000000000000ff47       0x6d ./Core/Src/main.o
 .debug_macro   0x000000000000ffb4      0x2b8 ./Core/Src/main.o
 .debug_macro   0x000000000001026c       0xd7 ./Core/Src/main.o
 .debug_macro   0x0000000000010343       0x74 ./Core/Src/main.o
 .debug_macro   0x00000000000103b7       0xd0 ./Core/Src/main.o
 .debug_macro   0x0000000000010487       0x28 ./Core/Src/main.o
 .debug_macro   0x00000000000104af       0x2a ./Core/Src/main.o
 .debug_macro   0x00000000000104d9       0x90 ./Core/Src/main.o
 .debug_macro   0x0000000000010569      0x287 ./Core/Src/main.o
 .debug_macro   0x00000000000107f0      0x229 ./Core/Src/main.o
 .debug_macro   0x0000000000010a19       0x2e ./Core/Src/main.o
 .debug_macro   0x0000000000010a47      0x12c ./Core/Src/stm32f1xx_it.o
 .debug_macro   0x0000000000010b73       0xbc ./Core/Src/system_stm32f1xx.o
 .debug_macro   0x0000000000010c2f       0xf8 ./Drivers/STM32F1xx_HAL_Driver/Src/stm32f1xx_ll_gpio.o
 .debug_macro   0x0000000000010d27      0x223 ./Drivers/STM32F1xx_HAL_Driver/Src/stm32f1xx_ll_gpio.o
 .debug_macro   0x0000000000010f4a      0x139 ./Drivers/STM32F1xx_HAL_Driver/Src/stm32f1xx_ll_utils.o

.debug_line     0x0000000000000000     0x26ba
 .debug_line    0x0000000000000000      0x91b ./Core/Src/main.o
 .debug_line    0x000000000000091b      0x6e3 ./Core/Src/stm32f1xx_it.o
 .debug_line    0x0000000000000ffe      0x560 ./Core/Src/system_stm32f1xx.o
 .debug_line    0x000000000000155e       0x78 ./Core/Startup/startup_stm32f103c8tx.o
 .debug_line    0x00000000000015d6      0x768 ./Drivers/STM32F1xx_HAL_Driver/Src/stm32f1xx_ll_gpio.o
 .debug_line    0x0000000000001d3e      0x97c ./Drivers/STM32F1xx_HAL_Driver/Src/stm32f1xx_ll_utils.o

.debug_str      0x0000000000000000    0x5a173
 .debug_str     0x0000000000000000    0x590c6 ./Core/Src/main.o
                                      0x593f0 (size before relaxing)
 .debug_str     0x00000000000590c6       0xe2 ./Core/Src/stm32f1xx_it.o
                                      0x58d63 (size before relaxing)
 .debug_str     0x00000000000591a8       0x74 ./Core/Src/system_stm32f1xx.o
                                      0x5472d (size before relaxing)
 .debug_str     0x000000000005921c       0x34 ./Core/Startup/startup_stm32f103c8tx.o
                                         0x77 (size before relaxing)
 .debug_str     0x0000000000059250      0x3fd ./Drivers/STM32F1xx_HAL_Driver/Src/stm32f1xx_ll_gpio.o
                                      0x56070 (size before relaxing)
 .debug_str     0x000000000005964d      0xb26 ./Drivers/STM32F1xx_HAL_Driver/Src/stm32f1xx_ll_utils.o
                                      0x568ec (size before relaxing)

.debug_frame    0x0000000000000000      0xa6c
 .debug_frame   0x0000000000000000      0x34c ./Core/Src/main.o
 .debug_frame   0x000000000000034c      0x12c ./Core/Src/stm32f1xx_it.o
 .debug_frame   0x0000000000000478       0x58 ./Core/Src/system_stm32f1xx.o
 .debug_frame   0x00000000000004d0      0x170 ./Drivers/STM32F1xx_HAL_Driver/Src/stm32f1xx_ll_gpio.o
 .debug_frame   0x0000000000000640      0x400 ./Drivers/STM32F1xx_HAL_Driver/Src/stm32f1xx_ll_utils.o
 .debug_frame   0x0000000000000a40       0x2c C:/ST/STM32CubeIDE_1.13.1/STM32CubeIDE/plugins/com.st.stm32cube.ide.mcu.externaltools.gnu-tools-for-stm32.11.3.rel1.win32_1.1.0.202305231506/tools/bin/../lib/gcc/arm-none-eabi/11.3.1/../../../../arm-none-eabi/lib/thumb/v7-m/nofp\libc_nano.a(libc_a-init.o)

.debug_line_str
                0x0000000000000000       0x6b
 .debug_line_str
                0x0000000000000000       0x6b ./Core/Startup/startup_stm32f103c8tx.o
                                         0x83 (size before relaxing)
